{"joint_accuracy": 0.6961883408071748, "act_rec": 0.9786995515695067, "act_prec": 0.9797979797979798, "act_f1": 0.9792484576556366, "act_f1_stderr": 0.00477389572474498, "slot_rec": 0.9195804195804196, "slot_prec": 0.9195804195804196, "slot_f1": 0.9195804195804196, "slot_f1_stderr": 0.01608024800463681, "request_slot_rec": 0.9498207885304659, "request_slot_prec": 0.977859778597786, "request_slot_f1": 0.9636363636363635, "request_slot_f1_stderr": 0.011066551070277786, "object_rec": 0.7466390899689762, "object_prec": 0.7608008429926238, "object_f1": 0.7536534446764092, "object_f1_stderr": 0.013919750893449552}